Error: Can't use 'super' in a class with no superclass.